[
  {
    "name": "【NEXT先行】鈴木愛理 LIVE 2021～26/27～ ＠ 大阪・名古屋",
    "applicationStartDate": "2021-09-15T15:00:00.000Z",
    "applicationDueDate": "2021-09-21T15:00:00.000Z",
    "paymentOpenDate": "2021-09-23T15:00:00.000Z",
    "paymentDueDate": "2021-09-29T15:00:00.000Z",
    "applicationID": "ES_2258",
    "tickets": []
  },
  {
    "name": "ENPLEX × Hello! Project 名古屋定期イベント「アンジュルム 竹内朱莉 ‶竹を割ったような″イベント in 名古屋」",
    "applicationStartDate": "2021-09-15T15:00:00.000Z",
    "applicationDueDate": "2021-09-27T15:00:00.000Z",
    "paymentOpenDate": "2021-09-29T15:00:00.000Z",
    "paymentDueDate": "2021-10-05T15:00:00.000Z",
    "applicationID": "ES_2257",
    "tickets": []
  },
  {
    "name": "【NEXT先行】工藤遥バースデーイベント2021 ～22nd Best day ever～きょうやすSP",
    "applicationStartDate": "2021-09-15T15:00:00.000Z",
    "applicationDueDate": "2021-09-23T15:00:00.000Z",
    "paymentOpenDate": "2021-09-26T15:00:00.000Z",
    "paymentDueDate": "2021-10-02T15:00:00.000Z",
    "applicationID": "ES_2256",
    "tickets": []
  },
  {
    "name": "【NEXT先行】宮崎由加ファンクラブイベント2021～Halloween yukanya～",
    "applicationStartDate": "2021-09-14T15:00:00.000Z",
    "applicationDueDate": "2021-09-21T15:00:00.000Z",
    "paymentOpenDate": "2021-09-23T15:00:00.000Z",
    "paymentDueDate": "2021-09-29T15:00:00.000Z",
    "applicationID": "ES_2255",
    "tickets": []
  },
  {
    "name": "【2次受付】M-line Special 2021～Make a Wish!～【10月公演】",
    "applicationStartDate": "2021-09-13T15:00:00.000Z",
    "applicationDueDate": "2021-09-20T15:00:00.000Z",
    "paymentOpenDate": "2021-09-20T15:00:00.000Z",
    "paymentDueDate": "2021-09-25T15:00:00.000Z",
    "applicationID": "ES_2254",
    "tickets": []
  },
  {
    "name": "Juice=Juice新メンバー 有澤一華・入江里咲・江端妃咲FCイベント2021",
    "applicationStartDate": "2021-09-14T15:00:00.000Z",
    "applicationDueDate": "2021-09-28T15:00:00.000Z",
    "paymentOpenDate": "2021-09-30T15:00:00.000Z",
    "paymentDueDate": "2021-10-05T15:00:00.000Z",
    "applicationID": "ES_2253",
    "tickets": []
  },
  {
    "name": "アンジュルム 上國料萌衣＆笠原桃奈バースデーイベント2021",
    "applicationStartDate": "2021-09-13T15:00:00.000Z",
    "applicationDueDate": "2021-09-27T15:00:00.000Z",
    "paymentOpenDate": "2021-09-30T15:00:00.000Z",
    "paymentDueDate": "2021-10-05T15:00:00.000Z",
    "applicationID": "ES_2250",
    "tickets": []
  },
  {
    "name": "アンジュルム コンサート2021 「桃源郷 ～笠原桃奈 卒業スペシャル～」",
    "applicationStartDate": "2021-09-12T15:00:00.000Z",
    "applicationDueDate": "2021-09-23T15:00:00.000Z",
    "paymentOpenDate": "2021-09-29T15:00:00.000Z",
    "paymentDueDate": "2021-10-03T15:00:00.000Z",
    "applicationID": "ES_2249",
    "tickets": []
  },
  {
    "name": "演劇女子部「図書館物語～3つのブックマーク～」",
    "applicationStartDate": "2021-09-12T15:00:00.000Z",
    "applicationDueDate": "2021-09-21T15:00:00.000Z",
    "paymentOpenDate": "2021-09-27T15:00:00.000Z",
    "paymentDueDate": "2021-10-02T15:00:00.000Z",
    "applicationID": "ES_2247",
    "tickets": []
  },
  {
    "name": "アンジュルム 笠原桃奈バースデーイベント2021",
    "applicationStartDate": "2021-09-09T15:00:00.000Z",
    "applicationDueDate": "2021-09-27T15:00:00.000Z",
    "paymentOpenDate": "2021-09-29T15:00:00.000Z",
    "paymentDueDate": "2021-10-05T15:00:00.000Z",
    "applicationID": "ES_2246",
    "tickets": []
  },
  {
    "name": "BEYOOOOONDS/雨ノ森 川海 岡村美波バースデーイベント2021",
    "applicationStartDate": "2021-09-09T15:00:00.000Z",
    "applicationDueDate": "2021-09-26T15:00:00.000Z",
    "paymentOpenDate": "2021-09-28T15:00:00.000Z",
    "paymentDueDate": "2021-10-03T15:00:00.000Z",
    "applicationID": "ES_2245",
    "tickets": []
  },
  {
    "name": "【当日券予約】ENPLEX × Hello! Project 名古屋定期イベント「ハロプロ研修生イベント in 名古屋」",
    "applicationStartDate": "2021-09-08T15:00:00.000Z",
    "applicationDueDate": "2021-09-12T15:00:00.000Z",
    "paymentOpenDate": "2021-09-14T15:00:00.000Z",
    "paymentDueDate": "2021-09-20T15:00:00.000Z",
    "applicationID": "ES_2244",
    "tickets": []
  },
  {
    "name": "BEYOOOOONDS結成記念スペシャルライブ2021 ～ポップステップ付点音符.～",
    "applicationStartDate": "2021-09-07T15:00:00.000Z",
    "applicationDueDate": "2021-09-22T15:00:00.000Z",
    "paymentOpenDate": "2021-09-26T15:00:00.000Z",
    "paymentDueDate": "2021-10-02T15:00:00.000Z",
    "applicationID": "ES_2242",
    "tickets": []
  }
]
