[
  {
    "name": "モーニング娘。’20 小田さくらバースデーイベント ～さくらのしらべ9～",
    "tickets": [
      {
        "venue": "東京都 メルパルクホール",
        "openAt": "2020-03-24T09:15:00.000Z",
        "startAt": "2020-03-24T10:15:00.000Z",
        "status": "申込済",
        "num": 1
      }
    ]
  },
  {
    "name": "こぶしファクトリー 和田桜子バースデーイベント2020",
    "tickets": [
      {
        "venue": "東京都 TOKYO FM HALL",
        "openAt": "2020-03-09T08:30:00.000Z",
        "startAt": "2020-03-09T09:00:00.000Z",
        "status": "入金忘",
        "num": 1
      },
      {
        "venue": "東京都 TOKYO FM HALL",
        "openAt": "2020-03-09T10:15:00.000Z",
        "startAt": "2020-03-09T10:45:00.000Z",
        "status": "落選",
        "num": 1
      }
    ]
  },
  {
    "name": "モーニング娘。’20  ディナーショー　「Happy Night」",
    "tickets": [
      {
        "venue": "愛知県 名古屋観光ホテル「那古の間」",
        "openAt": "2020-04-05T02:30:00.000Z",
        "startAt": "2020-04-05T03:30:00.000Z",
        "status": "入金済",
        "num": 1
      },
      {
        "venue": "愛知県 名古屋観光ホテル「那古の間」",
        "openAt": "2020-04-05T07:30:00.000Z",
        "startAt": "2020-04-05T08:30:00.000Z",
        "status": "入金済",
        "num": 1
      }
    ]
  },
  {
    "name": "Hello! Project　ひなフェス 2020　～被災地復興支援・東北を元気に！～",
    "tickets": [
      {
        "venue": "東京都 明治神宮会館",
        "openAt": "2020-03-22T02:00:00.000Z",
        "startAt": "2020-03-22T02:45:00.000Z",
        "status": "落選",
        "num": 2
      },
      {
        "venue": "東京都 明治神宮会館",
        "openAt": "2020-03-22T05:00:00.000Z",
        "startAt": "2020-03-22T05:45:00.000Z",
        "status": "入金済",
        "num": 2
      }
    ]
  },
  {
    "name": "こぶしファクトリー ライブ2020 ～The Final Ring！～",
    "tickets": [
      {
        "venue": "東京都 TOKYO DOME CITY HALL",
        "openAt": "2020-03-30T08:30:00.000Z",
        "startAt": "2020-03-30T09:30:00.000Z",
        "status": "入金済",
        "num": 1
      }
    ]
  },
  {
    "name": "BEYOOOOONDS 1st LIVE TOUR 2020～ポップ！ステップ！全音符!!～",
    "tickets": [
      {
        "venue": "東京都 吉祥寺CLUB SEATA",
        "openAt": "2020-04-04T05:30:00.000Z",
        "startAt": "2020-04-04T06:00:00.000Z",
        "status": "落選",
        "num": 2
      },
      {
        "venue": "東京都 吉祥寺CLUB SEATA",
        "openAt": "2020-04-04T08:30:00.000Z",
        "startAt": "2020-04-04T09:00:00.000Z",
        "status": "入金済",
        "num": 2
      }
    ]
  },
  {
    "name": "モーニング娘。’20 横山玲奈バースデーイベント",
    "tickets": [
      {
        "venue": "東京都 山野ホール",
        "openAt": "2020-02-25T07:30:00.000Z",
        "startAt": "2020-02-25T08:15:00.000Z",
        "status": "入金済",
        "num": 1
      },
      {
        "venue": "東京都 山野ホール",
        "openAt": "2020-02-25T10:00:00.000Z",
        "startAt": "2020-02-25T10:45:00.000Z",
        "status": "入金済",
        "num": 2
      }
    ]
  },
  {
    "name": "モーニング娘。'20コンサートツアー春 （タイトル未定）",
    "tickets": [
      {
        "venue": "東京都 オリンパスホール八王子",
        "openAt": "2020-03-14T05:00:00.000Z",
        "startAt": "2020-03-14T06:00:00.000Z",
        "status": "落選",
        "num": 1
      },
      {
        "venue": "東京都 オリンパスホール八王子",
        "openAt": "2020-03-14T08:30:00.000Z",
        "startAt": "2020-03-14T09:30:00.000Z",
        "status": "落選",
        "num": 1
      },
      {
        "venue": "東京都 オリンパスホール八王子",
        "openAt": "2020-03-15T04:00:00.000Z",
        "startAt": "2020-03-15T05:00:00.000Z",
        "status": "落選",
        "num": 1
      },
      {
        "venue": "東京都 オリンパスホール八王子",
        "openAt": "2020-03-15T07:30:00.000Z",
        "startAt": "2020-03-15T08:30:00.000Z",
        "status": "落選",
        "num": 1
      },
      {
        "venue": "愛知県 名古屋国際会議場　センチュリーホール",
        "openAt": "2020-05-04T05:00:00.000Z",
        "startAt": "2020-05-04T06:00:00.000Z",
        "status": "入金済",
        "num": 1
      },
      {
        "venue": "愛知県 名古屋国際会議場　センチュリーホール",
        "openAt": "2020-05-04T08:30:00.000Z",
        "startAt": "2020-05-04T09:30:00.000Z",
        "status": "入金済",
        "num": 1
      },
      {
        "venue": "東京都 中野サンプラザ",
        "openAt": "2020-05-06T04:30:00.000Z",
        "startAt": "2020-05-06T05:30:00.000Z",
        "status": "落選",
        "num": 1
      },
      {
        "venue": "東京都 中野サンプラザ",
        "openAt": "2020-05-06T08:00:00.000Z",
        "startAt": "2020-05-06T09:00:00.000Z",
        "status": "落選",
        "num": 1
      },
      {
        "venue": "長野県 ホクト文化ホール（長野県県民文化会館）大ホール",
        "openAt": "2020-05-30T05:00:00.000Z",
        "startAt": "2020-05-30T06:00:00.000Z",
        "status": "入金済",
        "num": 1
      },
      {
        "venue": "長野県 ホクト文化ホール（長野県県民文化会館）大ホール",
        "openAt": "2020-05-30T08:30:00.000Z",
        "startAt": "2020-05-30T09:30:00.000Z",
        "status": "入金済",
        "num": 1
      },
      {
        "venue": "山梨県 YCC県民文化ホール（山梨県立県民文化ホール）　大ホール",
        "openAt": "2020-05-31T04:30:00.000Z",
        "startAt": "2020-05-31T05:30:00.000Z",
        "status": "入金済",
        "num": 1
      },
      {
        "venue": "山梨県 YCC県民文化ホール（山梨県立県民文化ホール）　大ホール",
        "openAt": "2020-05-31T08:00:00.000Z",
        "startAt": "2020-05-31T09:00:00.000Z",
        "status": "入金済",
        "num": 1
      }
    ]
  },
  {
    "name": "Hello! Project 2020 Winter　HELLO! PROJECT IS [　　　　　]　～side A～/～side B～",
    "tickets": [
      {
        "venue": "東京都 中野サンプラザ",
        "openAt": "2020-01-11T04:30:00.000Z",
        "startAt": "2020-01-11T05:30:00.000Z",
        "status": "入金済",
        "num": 1
      },
      {
        "venue": "東京都 中野サンプラザ",
        "openAt": "2020-01-11T08:00:00.000Z",
        "startAt": "2020-01-11T09:00:00.000Z",
        "status": "入金済",
        "num": 1
      }
    ]
  },
  {
    "name": "Hello! Project 2020 Summer　COVERS ～The Ballad～　先々行受付　(ハロプロ2020Summer愛知　先々行 掲載分)",
    "tickets": [
      {
        "venue": "愛知県 日本特殊陶業市民会館 フォレストホール",
        "openAt": "2020-08-29T04:45:00.000Z",
        "startAt": "2020-08-29T06:15:00.000Z",
        "status": "入金済",
        "num": 1
      },
      {
        "venue": "愛知県 日本特殊陶業市民会館 フォレストホール",
        "openAt": "2020-08-29T08:30:00.000Z",
        "startAt": "2020-08-29T10:00:00.000Z",
        "status": "入金済",
        "num": 1
      }
    ]
  },
  {
    "name": "モーニング娘。’20 小田さくらバースデーイベント ～さくらのしらべ9～　先々行受付　(小田さくらBDイベント2020 掲載分)",
    "tickets": [
      {
        "venue": "東京都 コットンクラブ",
        "openAt": "2020-07-28T07:30:00.000Z",
        "startAt": "2020-07-28T08:00:00.000Z",
        "status": "入金済",
        "num": 1
      }
    ]
  }
]
