// Jest Snapshot v1, https://goo.gl/fbAQLP

exports[`HomeTabMenuVersionSignature Basic 1`] = `
<View
  style={
    [
      {
        "flex": 1,
      },
      undefined,
    ]
  }
>
  <RNSScreenStack
    style={
      {
        "flex": 1,
      }
    }
  >
    <RNSScreen
      collapsable={false}
      fullScreenSwipeShadowEnabled={false}
      gestureResponseDistance={
        {
          "bottom": -1,
          "end": -1,
          "start": -1,
          "top": -1,
        }
      }
      hasLargeHeader={false}
      nativeBackButtonDismissalEnabled={false}
      onAppear={[Function]}
      onDisappear={[Function]}
      onDismissed={[Function]}
      onGestureCancel={[Function]}
      onHeaderBackButtonClicked={[Function]}
      onNativeDismissCancelled={[Function]}
      onTransitionProgress={[Function]}
      onWillAppear={[Function]}
      onWillDisappear={[Function]}
      replaceAnimation="push"
      sheetAllowedDetents="large"
      sheetCornerRadius={-1}
      sheetExpandsWhenScrolledToEdge={true}
      sheetGrabberVisible={false}
      sheetLargestUndimmedDetent="all"
      stackPresentation="push"
      style={
        {
          "bottom": 0,
          "left": 0,
          "position": "absolute",
          "right": 0,
          "top": 0,
        }
      }
      swipeDirection="horizontal"
    >
      <View
        accessibilityElementsHidden={false}
        importantForAccessibility="auto"
        style={
          {
            "flex": 1,
            "flexDirection": "column-reverse",
          }
        }
      >
        <View
          collapsable={false}
          style={
            [
              {
                "flex": 1,
              },
              {
                "backgroundColor": "white",
              },
              undefined,
            ]
          }
        >
          <View
            style={
              {
                "backgroundColor": "#ffffff",
                "flex": 1,
              }
            }
          >
            <View
              style={
                {
                  "flex": 1,
                  "justifyContent": "center",
                }
              }
            >
              <View
                style={
                  {
                    "alignItems": "flex-end",
                    "padding": 12,
                  }
                }
              >
                <Text
                  onPress={[Function]}
                  style={
                    [
                      {
                        "color": "black",
                      },
                      {
                        "fontSize": 14,
                      },
                      undefined,
                    ]
                  }
                >
                  <Text
                    style={
                      [
                        {
                          "color": "black",
                        },
                        {
                          "fontSize": 14,
                        },
                        {
                          "fontSize": 12,
                          "fontStyle": "italic",
                        },
                      ]
                    }
                  >
                    Developed by @hellofanapp
                  </Text>
                </Text>
                <Text
                  style={
                    [
                      {
                        "color": "black",
                      },
                      {
                        "fontSize": 14,
                      },
                      {
                        "fontSize": 12,
                        "fontStyle": "italic",
                      },
                    ]
                  }
                >
                  Version 
                   (Buld: 
                  ios-unknown
                  )
                </Text>
              </View>
            </View>
          </View>
        </View>
      </View>
      <RNSScreenStackHeaderConfig
        backButtonInCustomView={false}
        backTitle=""
        backTitleVisible={false}
        backgroundColor="#0075c2"
        color="white"
        direction="ltr"
        disableBackButtonMenu={false}
        hidden={false}
        hideBackButton={false}
        largeTitleHideShadow={false}
        title="/"
        titleColor="white"
        topInsetEnabled={false}
        translucent={false}
      />
    </RNSScreen>
  </RNSScreenStack>
</View>
`;
