[
  {
    "name": "【先々行受付】モーニング娘。'24 FCイベント ～娘。×FAN×Fun！×クリスマス～",
    "site": "helloproject",
    "applicationID": "7MUPAfEaTTTRLXZ0",
    "applicationStartDate": "2024-11-08T02:00:00.000Z",
    "applicationDueDate": "2024-11-12T02:00:00.000Z",
    "paymentOpenDate": "2024-11-13T02:00:00.000Z",
    "paymentDueDate": "2024-11-25T02:00:00.000Z",
    "tickets": [
      {
        "status": "抽選前",
        "num": 1,
        "venue": "東京都 練馬文化センター",
        "startAt": "2024-12-17T07:50:00.000Z",
        "openAt": "2024-12-17T07:05:00.000Z"
      },
      {
        "status": "抽選前",
        "num": 1,
        "venue": "東京都 練馬文化センター",
        "startAt": "2024-12-17T10:30:00.000Z",
        "openAt": "2024-12-17T09:45:00.000Z"
      }
    ]
  },
  {
    "name": "モーニング娘。'24 FCイベント ～娘。×FAN×Fun！×クリスマス～",
    "site": "helloproject",
    "applicationID": "Uy8Dz9edPiWk5F4u",
    "applicationStartDate": "2024-11-08T02:00:00.000Z",
    "applicationDueDate": "2024-11-12T02:00:00.000Z",
    "paymentOpenDate": "2024-11-13T02:00:00.000Z",
    "paymentDueDate": "2024-11-25T02:00:00.000Z",
    "tickets": []
  },
  {
    "name": "【先々行受付】Hello! Project 2025 Winter Fes. 「各」／「合」",
    "site": "helloproject",
    "applicationID": "wSjsyWxBARuW4eqn",
    "applicationStartDate": "2024-11-08T02:00:00.000Z",
    "applicationDueDate": "2024-11-12T02:00:00.000Z",
    "paymentOpenDate": "2024-11-13T02:00:00.000Z",
    "paymentDueDate": "2024-11-25T02:00:00.000Z",
    "tickets": []
  },
  {
    "name": "Hello! Project 2025 Winter Fes. 「各」／「合」",
    "site": "helloproject",
    "applicationID": "aG1D8uYAQuqRIN7U",
    "applicationStartDate": "2024-11-08T02:00:00.000Z",
    "applicationDueDate": "2024-11-12T02:00:00.000Z",
    "paymentOpenDate": "2024-11-13T02:00:00.000Z",
    "paymentDueDate": "2024-11-25T02:00:00.000Z",
    "tickets": []
  },
  {
    "name": "アンジュルム 川名凜バースデーイベント2024 in 名古屋",
    "site": "helloproject",
    "applicationID": "Dppvx3ybTgpPFSFI",
    "applicationStartDate": "2024-11-08T02:00:00.000Z",
    "applicationDueDate": "2024-11-12T02:00:00.000Z",
    "paymentOpenDate": "2024-11-13T02:00:00.000Z",
    "paymentDueDate": "2024-11-25T02:00:00.000Z",
    "tickets": []
  },
  {
    "name": "【当日券予約】竹内朱莉バースデーイベント2024～Ⅱ～",
    "site": "helloproject",
    "applicationID": "ThqFqmVI6ddtIz7m",
    "applicationStartDate": "2024-11-08T02:00:00.000Z",
    "applicationDueDate": "2024-11-12T02:00:00.000Z",
    "paymentOpenDate": "2024-11-13T02:00:00.000Z",
    "paymentDueDate": "2024-11-25T02:00:00.000Z",
    "tickets": []
  }
]
